SQL> 
SQL> DROP TABLE address CASCADE CONSTRAINTS;

Error starting at line : 8 in command -
DROP TABLE address CASCADE CONSTRAINTS
Error report -
ORA-00942: table or view does not exist
00942. 00000 -  "table or view does not exist"
*Cause:    
*Action:
SQL> 
SQL> DROP TABLE cabin CASCADE CONSTRAINTS;

Error starting at line : 10 in command -
DROP TABLE cabin CASCADE CONSTRAINTS
Error report -
ORA-00942: table or view does not exist
00942. 00000 -  "table or view does not exist"
*Cause:    
*Action:
SQL> 
SQL> DROP TABLE country CASCADE CONSTRAINTS;

Error starting at line : 12 in command -
DROP TABLE country CASCADE CONSTRAINTS
Error report -
ORA-00942: table or view does not exist
00942. 00000 -  "table or view does not exist"
*Cause:    
*Action:
SQL> 
SQL> DROP TABLE cruise CASCADE CONSTRAINTS;

Error starting at line : 14 in command -
DROP TABLE cruise CASCADE CONSTRAINTS
Error report -
ORA-00942: table or view does not exist
00942. 00000 -  "table or view does not exist"
*Cause:    
*Action:
SQL> 
SQL> DROP TABLE manifest CASCADE CONSTRAINTS;

Error starting at line : 16 in command -
DROP TABLE manifest CASCADE CONSTRAINTS
Error report -
ORA-00942: table or view does not exist
00942. 00000 -  "table or view does not exist"
*Cause:    
*Action:
SQL> 
SQL> DROP TABLE operator CASCADE CONSTRAINTS;

Error starting at line : 18 in command -
DROP TABLE operator CASCADE CONSTRAINTS
Error report -
ORA-00942: table or view does not exist
00942. 00000 -  "table or view does not exist"
*Cause:    
*Action:
SQL> 
SQL> DROP TABLE passenger CASCADE CONSTRAINTS;

Error starting at line : 20 in command -
DROP TABLE passenger CASCADE CONSTRAINTS
Error report -
ORA-00942: table or view does not exist
00942. 00000 -  "table or view does not exist"
*Cause:    
*Action:
SQL> 
SQL> DROP TABLE port CASCADE CONSTRAINTS;

Error starting at line : 22 in command -
DROP TABLE port CASCADE CONSTRAINTS
Error report -
ORA-00942: table or view does not exist
00942. 00000 -  "table or view does not exist"
*Cause:    
*Action:
SQL> 
SQL> DROP TABLE port_temp CASCADE CONSTRAINTS;

Error starting at line : 24 in command -
DROP TABLE port_temp CASCADE CONSTRAINTS
Error report -
ORA-00942: table or view does not exist
00942. 00000 -  "table or view does not exist"
*Cause:    
*Action:
SQL> 
SQL> DROP TABLE ship CASCADE CONSTRAINTS;

Error starting at line : 26 in command -
DROP TABLE ship CASCADE CONSTRAINTS
Error report -
ORA-00942: table or view does not exist
00942. 00000 -  "table or view does not exist"
*Cause:    
*Action:
SQL> 
SQL> DROP TABLE stop CASCADE CONSTRAINTS;

Error starting at line : 28 in command -
DROP TABLE stop CASCADE CONSTRAINTS
Error report -
ORA-00942: table or view does not exist
00942. 00000 -  "table or view does not exist"
*Cause:    
*Action:
SQL> 
SQL> DROP TABLE tour CASCADE CONSTRAINTS;

Error starting at line : 30 in command -
DROP TABLE tour CASCADE CONSTRAINTS
Error report -
ORA-00942: table or view does not exist
00942. 00000 -  "table or view does not exist"
*Cause:    
*Action:
SQL> 
SQL> -- predefined type, no DDL - MDSYS.SDO_GEOMETRY
SQL> 
SQL> -- predefined type, no DDL - XMLTYPE
SQL> 
SQL> CREATE TABLE address (
  2      address_street   VARCHAR2(100) NOT NULL,
  3      address_town     VARCHAR2(85) NOT NULL,
  4      address_postcode VARCHAR2(20) NOT NULL,
  5      address_country  VARCHAR2(60) NOT NULL
  6  );

Table ADDRESS created.

SQL> 
SQL> COMMENT ON COLUMN address.address_street IS
  2      'Address''s street';

Comment created.

SQL> 
SQL> COMMENT ON COLUMN address.address_town IS
  2      'Address''s town';

Comment created.

SQL> 
SQL> COMMENT ON COLUMN address.address_postcode IS
  2      'Address''s postcode';

Comment created.

SQL> 
SQL> COMMENT ON COLUMN address.address_country IS
  2      'Address''s country';

Comment created.

SQL> 
SQL> ALTER TABLE address
  2      ADD CONSTRAINT address_pk PRIMARY KEY ( address_street,
  3                                              address_town,
  4                                              address_postcode,
  5                                              address_country );

Table ADDRESS altered.

SQL> 
SQL> CREATE TABLE cabin (
  2      cab_no       VARCHAR2(3) NOT NULL,
  3      cab_capacity NUMBER(1) NOT NULL,
  4      cab_class    CHAR(1) NOT NULL,
  5      ship_code    NUMBER(5) NOT NULL
  6  );

Table CABIN created.

SQL> 
SQL> ALTER TABLE cabin
  2      ADD CONSTRAINT chk_cab_class CHECK ( cab_class IN ( 'B', 'I', 'O', 'S' ) );

Table CABIN altered.

SQL> 
SQL> COMMENT ON COLUMN cabin.cab_no IS
  2      'Cabin number';

Comment created.

SQL> 
SQL> COMMENT ON COLUMN cabin.cab_capacity IS
  2      'Cabin''s capacity';

Comment created.

SQL> 
SQL> COMMENT ON COLUMN cabin.cab_class IS
  2      'Cabin''s class';

Comment created.

SQL> 
SQL> COMMENT ON COLUMN cabin.ship_code IS
  2      'Ship Code';

Comment created.

SQL> 
SQL> ALTER TABLE cabin ADD CONSTRAINT cabin_pk PRIMARY KEY ( cab_no,
  2                                                          ship_code );

Table CABIN altered.

SQL> 
SQL> CREATE TABLE country (
  2      country_code CHAR(2) NOT NULL,
  3      country_name VARCHAR2(60) NOT NULL,
  4      port_code    NUMBER(4) NOT NULL
  5  );

Table COUNTRY created.

SQL> 
SQL> COMMENT ON COLUMN country.country_code IS
  2      'Country code';

Comment created.

SQL> 
SQL> COMMENT ON COLUMN country.country_name IS
  2      'Country name';

Comment created.

SQL> 
SQL> COMMENT ON COLUMN country.port_code IS
  2      'Port code';

Comment created.

SQL> 
SQL> CREATE UNIQUE INDEX country__idx ON
  2      country (
  3          port_code
  4      ASC );

INDEX COUNTRY__IDX created.

SQL> 
SQL> ALTER TABLE country ADD CONSTRAINT country_pk PRIMARY KEY ( country_code );

Table COUNTRY altered.

SQL> 
SQL> CREATE TABLE cruise (
  2      cruise_id   NUMBER(4) NOT NULL,
  3      cruise_name VARCHAR2(35) NOT NULL,
  4      cruise_desc VARCHAR2(200) NOT NULL,
  5      ship_code   NUMBER(5) NOT NULL
  6  );

Table CRUISE created.

SQL> 
SQL> COMMENT ON COLUMN cruise.cruise_id IS
  2      'Cruise ID';

Comment created.

SQL> 
SQL> COMMENT ON COLUMN cruise.cruise_name IS
  2      'Cruise name';

Comment created.

SQL> 
SQL> COMMENT ON COLUMN cruise.cruise_desc IS
  2      'Description of cruise';

Comment created.

SQL> 
SQL> COMMENT ON COLUMN cruise.ship_code IS
  2      'Ship Code';

Comment created.

SQL> 
SQL> ALTER TABLE cruise ADD CONSTRAINT cruise_pk PRIMARY KEY ( cruise_id );

Table CRUISE altered.

SQL> 
SQL> CREATE TABLE manifest (
  2      boarding_time DATE NOT NULL,
  3      cab_no        VARCHAR2(3) NOT NULL,
  4      ship_code     NUMBER(5) NOT NULL,
  5      cruise_id     NUMBER(4) NOT NULL,
  6      passenger_id  NUMBER(5) NOT NULL,
  7      cruise_id1    NUMBER(4) NOT NULL
  8  );

Table MANIFEST created.

SQL> 
SQL> COMMENT ON COLUMN manifest.boarding_time IS
  2      'Time a passenger boards on a ship';

Comment created.

SQL> 
SQL> COMMENT ON COLUMN manifest.cab_no IS
  2      'Cabin number';

Comment created.

SQL> 
SQL> COMMENT ON COLUMN manifest.ship_code IS
  2      'Ship Code';

Comment created.

SQL> 
SQL> COMMENT ON COLUMN manifest.cruise_id IS
  2      'Cruise ID';

Comment created.

SQL> 
SQL> COMMENT ON COLUMN manifest.passenger_id IS
  2      'Passenger ID';

Comment created.

SQL> 
SQL> COMMENT ON COLUMN manifest.cruise_id1 IS
  2      'Cruise ID';

Comment created.

SQL> 
SQL> ALTER TABLE manifest
  2      ADD CONSTRAINT manifest_pk PRIMARY KEY ( cruise_id,
  3                                               passenger_id,
  4                                               cruise_id1 );

Table MANIFEST altered.

SQL> 
SQL> CREATE TABLE operator (
  2      op_id           NUMBER(4) NOT NULL,
  3      op_company_name VARCHAR2(50) NOT NULL,
  4      op_ceo_name     VARCHAR2(50) NOT NULL
  5  );

Table OPERATOR created.

SQL> 
SQL> COMMENT ON COLUMN operator.op_id IS
  2      'Operator ID';

Comment created.

SQL> 
SQL> COMMENT ON COLUMN operator.op_company_name IS
  2      'Operator''s company name';

Comment created.

SQL> 
SQL> COMMENT ON COLUMN operator.op_ceo_name IS
  2      'Operator''s company CEO name';

Comment created.

SQL> 
SQL> ALTER TABLE operator ADD CONSTRAINT operator_pk PRIMARY KEY ( op_id );

Table OPERATOR altered.

SQL> 
SQL> CREATE TABLE passenger (
  2      passenger_id             NUMBER(5) NOT NULL,
  3      passenger_fname          VARCHAR2(20) NOT NULL,
  4      passenger_lname          VARCHAR2(20) NOT NULL,
  5      passenger_gender         CHAR(1) NOT NULL,
  6      passenger_dob            DATE NOT NULL,
  7      passenger_lang           CHAR(2),
  8      passenger_cruise_payment CHAR(1) NOT NULL,
  9      cruise_id                NUMBER(4) NOT NULL,
 10      address_street           VARCHAR2(100) NOT NULL,
 11      address_town             VARCHAR2(85) NOT NULL,
 12      address_postcode         VARCHAR2(20) NOT NULL,
 13      address_country          VARCHAR2(60) NOT NULL,
 14      passenger_id1            NUMBER(5),
 15      cruise_id1               NUMBER(4)
 16  );

Table PASSENGER created.

SQL> 
SQL> ALTER TABLE passenger
  2      ADD CONSTRAINT chk_passenger_gender CHECK ( passenger_gender IN ( 'F', 'M' ) );

Table PASSENGER altered.

SQL> 
SQL> ALTER TABLE passenger
  2      ADD CONSTRAINT chk_passenger_cruise_payment CHECK ( passenger_cruise_payment IN (
  3      'N', 'Y' ) );

Table PASSENGER altered.

SQL> 
SQL> COMMENT ON COLUMN passenger.passenger_id IS
  2      'Passenger ID';

Comment created.

SQL> 
SQL> COMMENT ON COLUMN passenger.passenger_fname IS
  2      'Passenger''s first name';

Comment created.

SQL> 
SQL> COMMENT ON COLUMN passenger.passenger_lname IS
  2      'Passenger''s last name';

Comment created.

SQL> 
SQL> COMMENT ON COLUMN passenger.passenger_gender IS
  2      'Passenger''s gender';

Comment created.

SQL> 
SQL> COMMENT ON COLUMN passenger.passenger_dob IS
  2      'Passenger''s date of birth';

Comment created.

SQL> 
SQL> COMMENT ON COLUMN passenger.passenger_lang IS
  2      'Passenger''s language';

Comment created.

SQL> 
SQL> COMMENT ON COLUMN passenger.passenger_cruise_payment IS
  2      'Passenger''s cruise payment';

Comment created.

SQL> 
SQL> COMMENT ON COLUMN passenger.cruise_id IS
  2      'Cruise ID';

Comment created.

SQL> 
SQL> COMMENT ON COLUMN passenger.address_street IS
  2      'Address''s street';

Comment created.

SQL> 
SQL> COMMENT ON COLUMN passenger.address_town IS
  2      'Address''s town';

Comment created.

SQL> 
SQL> COMMENT ON COLUMN passenger.address_postcode IS
  2      'Address''s postcode';

Comment created.

SQL> 
SQL> COMMENT ON COLUMN passenger.address_country IS
  2      'Address''s country';

Comment created.

SQL> 
SQL> COMMENT ON COLUMN passenger.passenger_id1 IS
  2      'Passenger ID';

Comment created.

SQL> 
SQL> COMMENT ON COLUMN passenger.cruise_id1 IS
  2      'Cruise ID';

Comment created.

SQL> 
SQL> ALTER TABLE passenger ADD CONSTRAINT passenger_pk PRIMARY KEY ( passenger_id,
  2                                                                  cruise_id );

Table PASSENGER altered.

SQL> 
SQL> CREATE TABLE port (
  2      port_code       NUMBER(4) NOT NULL,
  3      port_name       VARCHAR2(50) NOT NULL,
  4      port_country    VARCHAR2(60) NOT NULL,
  5      port_population NUMBER(5),
  6      port_longitude  NUMBER(10, 7),
  7      port_latitude   NUMBER(10, 7),
  8      country_code    CHAR(2) NOT NULL
  9  );

Table PORT created.

SQL> 
SQL> COMMENT ON COLUMN port.port_code IS
  2      'Port code';

Comment created.

SQL> 
SQL> COMMENT ON COLUMN port.port_name IS
  2      'Port name';

Comment created.

SQL> 
SQL> COMMENT ON COLUMN port.port_country IS
  2      'Port country';

Comment created.

SQL> 
SQL> COMMENT ON COLUMN port.port_population IS
  2      'Port population';

Comment created.

SQL> 
SQL> COMMENT ON COLUMN port.port_longitude IS
  2      'Port''s longitude';

Comment created.

SQL> 
SQL> COMMENT ON COLUMN port.port_latitude IS
  2      'Port''s latitude';

Comment created.

SQL> 
SQL> COMMENT ON COLUMN port.country_code IS
  2      'Country code';

Comment created.

SQL> 
SQL> CREATE UNIQUE INDEX port__idx ON
  2      port (
  3          country_code
  4      ASC );

INDEX PORT__IDX created.

SQL> 
SQL> ALTER TABLE port ADD CONSTRAINT port_pk PRIMARY KEY ( port_code );

Table PORT altered.

SQL> 
SQL> CREATE TABLE port_temp (
  2      port_temp_month        CHAR(3) NOT NULL,
  3      port_temp_average_high NUMBER(2) NOT NULL,
  4      port_temp_average_low  NUMBER(2) NOT NULL,
  5      port_code              NUMBER(4) NOT NULL
  6  );

Table PORT_TEMP created.

SQL> 
SQL> COMMENT ON COLUMN port_temp.port_temp_month IS
  2      'Port''s temperature in a particular month';

Comment created.

SQL> 
SQL> COMMENT ON COLUMN port_temp.port_temp_average_high IS
  2      'Port''s average high temperature';

Comment created.

SQL> 
SQL> COMMENT ON COLUMN port_temp.port_temp_average_low IS
  2      'Port''s average low temperature';

Comment created.

SQL> 
SQL> COMMENT ON COLUMN port_temp.port_code IS
  2      'Port code';

Comment created.

SQL> 
SQL> ALTER TABLE port_temp ADD CONSTRAINT port_temp_pk PRIMARY KEY ( port_temp_month );

Table PORT_TEMP altered.

SQL> 
SQL> CREATE TABLE ship (
  2      ship_code        NUMBER(5) NOT NULL,
  3      ship_name        VARCHAR2(35) NOT NULL,
  4      ship_comm_date   DATE NOT NULL,
  5      ship_tonnage     NUMBER(6) NOT NULL,
  6      ship_max_cap     NUMBER(4) NOT NULL,
  7      ship_reg_country VARCHAR2(30),
  8      op_id            NUMBER(4) NOT NULL
  9  );

Table SHIP created.

SQL> 
SQL> COMMENT ON COLUMN ship.ship_code IS
  2      'Ship Code';

Comment created.

SQL> 
SQL> COMMENT ON COLUMN ship.ship_name IS
  2      'Name of ship';

Comment created.

SQL> 
SQL> COMMENT ON COLUMN ship.ship_comm_date IS
  2      'Date of ship commissioned';

Comment created.

SQL> 
SQL> COMMENT ON COLUMN ship.ship_tonnage IS
  2      'Tonnage of the ship';

Comment created.

SQL> 
SQL> COMMENT ON COLUMN ship.ship_max_cap IS
  2      'Maximum capacity of the ship';

Comment created.

SQL> 
SQL> COMMENT ON COLUMN ship.ship_reg_country IS
  2      'Ship registered country';

Comment created.

SQL> 
SQL> COMMENT ON COLUMN ship.op_id IS
  2      'Operator ID';

Comment created.

SQL> 
SQL> ALTER TABLE ship ADD CONSTRAINT ship_pk PRIMARY KEY ( ship_code );

Table SHIP altered.

SQL> 
SQL> CREATE TABLE stop (
  2      port_code           NUMBER(4) NOT NULL,
  3      cruise_id           NUMBER(4) NOT NULL,
  4      stop_datetime       DATE NOT NULL,
  5      stop_departorarrive CHAR(1) NOT NULL,
  6      stop_id             NUMBER(5) NOT NULL
  7  );

Table STOP created.

SQL> 
SQL> ALTER TABLE stop
  2      ADD CONSTRAINT chk_stop_departorarrive CHECK ( stop_departorarrive IN ( 'N', 'Y' ) );

Table STOP altered.

SQL> 
SQL> COMMENT ON COLUMN stop.port_code IS
  2      'Port code';

Comment created.

SQL> 
SQL> COMMENT ON COLUMN stop.cruise_id IS
  2      'Cruise ID';

Comment created.

SQL> 
SQL> COMMENT ON COLUMN stop.stop_datetime IS
  2      'Stop date and time';

Comment created.

SQL> 
SQL> COMMENT ON COLUMN stop.stop_departorarrive IS
  2      'Depart or arrive in stop';

Comment created.

SQL> 
SQL> COMMENT ON COLUMN stop.stop_id IS
  2      'Surrogate key';

Comment created.

SQL> 
SQL> ALTER TABLE stop ADD CONSTRAINT stop_pk PRIMARY KEY ( stop_id );

Table STOP altered.

SQL> 
SQL> ALTER TABLE stop ADD CONSTRAINT stop_nk UNIQUE ( port_code,
  2                                                   cruise_id );

Table STOP altered.

SQL> 
SQL> CREATE TABLE tour (
  2      tour_no                 NUMBER(5) NOT NULL,
  3      tour_name               VARCHAR2(50) NOT NULL,
  4      tour_desc               VARCHAR2(200) NOT NULL,
  5      tour_hours_required     NUMBER(2) NOT NULL,
  6      tour_cost_per_person    NUMBER(5) NOT NULL,
  7      tour_wheel_chair_access CHAR(1) NOT NULL,
  8      tour_availability       CHAR(1) NOT NULL,
  9      tour_start_time         DATE NOT NULL,
 10      tour_date               DATE NOT NULL,
 11      port_code               NUMBER(4) NOT NULL
 12  );

Table TOUR created.

SQL> 
SQL> ALTER TABLE tour
  2      ADD CONSTRAINT chk_tour_wheel_chair_access CHECK ( tour_wheel_chair_access IN ( 'N',
  3      'Y' ) );

Table TOUR altered.

SQL> 
SQL> ALTER TABLE tour
  2      ADD CONSTRAINT chk_tour_availability CHECK ( tour_availability IN ( 'N', 'Y' ) );

Table TOUR altered.

SQL> 
SQL> COMMENT ON COLUMN tour.tour_no IS
  2      'Tour number';

Comment created.

SQL> 
SQL> COMMENT ON COLUMN tour.tour_name IS
  2      'Tour name';

Comment created.

SQL> 
SQL> COMMENT ON COLUMN tour.tour_desc IS
  2      'Tour description';

Comment created.

SQL> 
SQL> COMMENT ON COLUMN tour.tour_hours_required IS
  2      'Hours required for tour';

Comment created.

SQL> 
SQL> COMMENT ON COLUMN tour.tour_cost_per_person IS
  2      'Tour cost per person';

Comment created.

SQL> 
SQL> COMMENT ON COLUMN tour.tour_wheel_chair_access IS
  2      'Tour''s wheel chair access';

Comment created.

SQL> 
SQL> COMMENT ON COLUMN tour.tour_availability IS
  2      'Tour''s availability';

Comment created.

SQL> 
SQL> COMMENT ON COLUMN tour.tour_start_time IS
  2      'Tour''s starting time';

Comment created.

SQL> 
SQL> COMMENT ON COLUMN tour.tour_date IS
  2      'Tour''s date';

Comment created.

SQL> 
SQL> COMMENT ON COLUMN tour.port_code IS
  2      'Port code';

Comment created.

SQL> 
SQL> ALTER TABLE tour ADD CONSTRAINT tour_pk PRIMARY KEY ( tour_no,
  2                                                        port_code );

Table TOUR altered.

SQL> 
SQL> ALTER TABLE passenger
  2      ADD CONSTRAINT address_passenger FOREIGN KEY ( address_street,
  3                                                     address_town,
  4                                                     address_postcode,
  5                                                     address_country )
  6          REFERENCES address ( address_street,
  7                               address_town,
  8                               address_postcode,
  9                               address_country );

Table PASSENGER altered.

SQL> 
SQL> ALTER TABLE manifest
  2      ADD CONSTRAINT cabin_manifest FOREIGN KEY ( cab_no,
  3                                                  ship_code )
  4          REFERENCES cabin ( cab_no,
  5                             ship_code );

Table MANIFEST altered.

SQL> 
SQL> ALTER TABLE manifest
  2      ADD CONSTRAINT cruise_manifest FOREIGN KEY ( cruise_id )
  3          REFERENCES cruise ( cruise_id );

Table MANIFEST altered.

SQL> 
SQL> ALTER TABLE passenger
  2      ADD CONSTRAINT cruise_passenger FOREIGN KEY ( cruise_id )
  3          REFERENCES cruise ( cruise_id );

Table PASSENGER altered.

SQL> 
SQL> ALTER TABLE stop
  2      ADD CONSTRAINT cruise_stop FOREIGN KEY ( cruise_id )
  3          REFERENCES cruise ( cruise_id );

Table STOP altered.

SQL> 
SQL> ALTER TABLE manifest
  2      ADD CONSTRAINT manifest_passenger FOREIGN KEY ( passenger_id,
  3                                                      cruise_id1 )
  4          REFERENCES passenger ( passenger_id,
  5                                 cruise_id );

Table MANIFEST altered.

SQL> 
SQL> ALTER TABLE ship
  2      ADD CONSTRAINT operator_ship FOREIGN KEY ( op_id )
  3          REFERENCES operator ( op_id );

Table SHIP altered.

SQL> 
SQL> ALTER TABLE passenger
  2      ADD CONSTRAINT passenger_guardian FOREIGN KEY ( passenger_id1,
  3                                                      cruise_id1 )
  4          REFERENCES passenger ( passenger_id,
  5                                 cruise_id );

Table PASSENGER altered.

SQL> 
SQL> ALTER TABLE country
  2      ADD CONSTRAINT port_country FOREIGN KEY ( port_code )
  3          REFERENCES port ( port_code );

Table COUNTRY altered.

SQL> 
SQL> ALTER TABLE port
  2      ADD CONSTRAINT port_countryv1 FOREIGN KEY ( country_code )
  3          REFERENCES country ( country_code );

Table PORT altered.

SQL> 
SQL> ALTER TABLE port_temp
  2      ADD CONSTRAINT port_porttemp FOREIGN KEY ( port_code )
  3          REFERENCES port ( port_code );

Table PORT_TEMP altered.

SQL> 
SQL> ALTER TABLE stop
  2      ADD CONSTRAINT port_stop FOREIGN KEY ( port_code )
  3          REFERENCES port ( port_code );

Table STOP altered.

SQL> 
SQL> ALTER TABLE tour
  2      ADD CONSTRAINT port_tour FOREIGN KEY ( port_code )
  3          REFERENCES port ( port_code );

Table TOUR altered.

SQL> 
SQL> ALTER TABLE cabin
  2      ADD CONSTRAINT ship_cabin FOREIGN KEY ( ship_code )
  3          REFERENCES ship ( ship_code );

Table CABIN altered.

SQL> 
SQL> ALTER TABLE cruise
  2      ADD CONSTRAINT ship_cruise FOREIGN KEY ( ship_code )
  3          REFERENCES ship ( ship_code );

Table CRUISE altered.

SQL> 
SQL> SPOOL OFF
